sorting_algorithms.cpp:12:_Z11bubble_sortRSt6vectorIjSaIjEE	72	static
/usr/lib/gcc/x86_64-linux-gnu/14/../../../../include/c++/14/bits/stl_vector.h:1005:_ZNKSt6vectorIjSaIjEE4sizeEv	8	static
/usr/lib/gcc/x86_64-linux-gnu/14/../../../../include/c++/14/bits/stl_vector.h:1141:_ZNSt6vectorIjSaIjEEixEm	8	static
/usr/lib/gcc/x86_64-linux-gnu/14/../../../../include/c++/14/bits/move.h:226:_ZSt4swapIjENSt9enable_ifIXsr6__and_ISt6__not_ISt15__is_tuple_likeIT_EESt21is_move_constructibleIS3_ESt18is_move_assignableIS3_EEE5valueEvE4typeERS3_SC_	8	static
sorting_algorithms.cpp:33:_Z14selection_sortRSt6vectorIjSaIjEE	72	static
sorting_algorithms.cpp:53:_Z14insertion_sortRSt6vectorIjSaIjEE	72	static
sorting_algorithms.cpp:71:_Z25partition_quicksort_naiveRSt6vectorIjSaIjEEmm	72	static
sorting_algorithms.cpp:84:_Z25quicksort_naive_recursionRSt6vectorIjSaIjEEmmm	56	static
sorting_algorithms.cpp:100:_Z28partition_quicksort_improvedRSt6vectorIjSaIjEEmm	88	static
sorting_algorithms.cpp:115:_Z28quicksort_improved_recursionRSt6vectorIjSaIjEEmmm	56	static
sorting_algorithms.cpp:132:_Z16quick_sort_naiveRSt6vectorIjSaIjEE	24	static
sorting_algorithms.cpp:140:_Z19quick_sort_improvedRSt6vectorIjSaIjEE	24	static
sorting_algorithms.cpp:149:_Z25mergesort_naive_recursionRSt6vectorIjSaIjEEmmm	200	static
/usr/lib/gcc/x86_64-linux-gnu/14/../../../../include/c++/14/bits/stl_vector.h:559:_ZNSt6vectorIjSaIjEEC2EmRKS0_	56	static
/usr/lib/gcc/x86_64-linux-gnu/14/../../../../include/c++/14/bits/stl_vector.h:746:_ZNSt6vectorIjSaIjEED2Ev	72	static
sorting_algorithms.cpp:189:_Z12merge_arraysRSt6vectorIjSaIjEEmmmS2_	120	static
sorting_algorithms.cpp:219:_Z28mergesort_improved_recursionRSt6vectorIjSaIjEEmmS2_m	56	static
sorting_algorithms.cpp:234:_Z19merge_sort_improvedRSt6vectorIjSaIjEE	104	static
sorting_algorithms.cpp:243:_Z16merge_sort_naiveRSt6vectorIjSaIjEE	24	static
sorting_algorithms.cpp:254:_Z23heap_siftdown_iterativeRSt6vectorIjSaIjEEmm	56	static
sorting_algorithms.cpp:273:_Z23heap_siftdown_recursiveRSt6vectorIjSaIjEEmmm	72	static
sorting_algorithms.cpp:291:_Z19heap_sort_iterativeRSt6vectorIjSaIjEE	56	static
sorting_algorithms.cpp:306:_Z19heap_sort_recursiveRSt6vectorIjSaIjEE	56	static
sorting_algorithms.cpp:323:_Z13counting_sortRSt6vectorIjSaIjEE	200	static
/usr/lib/gcc/x86_64-linux-gnu/14/../../../../include/c++/14/bits/stl_algo.h:5641:_ZSt11max_elementIN9__gnu_cxx17__normal_iteratorIPjSt6vectorIjSaIjEEEEET_S7_S7_	56	static
/usr/lib/gcc/x86_64-linux-gnu/14/../../../../include/c++/14/bits/stl_vector.h:886:_ZNSt6vectorIjSaIjEE5beginEv	24	static
/usr/lib/gcc/x86_64-linux-gnu/14/../../../../include/c++/14/bits/stl_vector.h:906:_ZNSt6vectorIjSaIjEE3endEv	24	static
/usr/lib/gcc/x86_64-linux-gnu/14/../../../../include/c++/14/bits/stl_iterator.h:1090:_ZNK9__gnu_cxx17__normal_iteratorIPjSt6vectorIjSaIjEEEdeEv	8	static
/usr/lib/gcc/x86_64-linux-gnu/14/../../../../include/c++/14/bits/stl_vector.h:572:_ZNSt6vectorImSaImEEC2EmRKmRKS0_	72	static
/usr/lib/gcc/x86_64-linux-gnu/14/../../../../include/c++/14/bits/stl_vector.h:1141:_ZNSt6vectorImSaImEEixEm	8	static
/usr/lib/gcc/x86_64-linux-gnu/14/../../../../include/c++/14/bits/stl_vector.h:746:_ZNSt6vectorImSaImEED2Ev	72	static
sorting_algorithms.cpp:346:_Z10radix_sortRSt6vectorIjSaIjEE	2248	static
/usr/lib/gcc/x86_64-linux-gnu/14/../../../../include/c++/14/bits/stl_vector.h:1601:_ZNSt6vectorIjSaIjEE4swapERS1_	72	static
sorting_algorithms.cpp:376:_Z11bucket_sortRSt6vectorIjSaIjEE	296	static
/usr/lib/gcc/x86_64-linux-gnu/14/../../../../include/c++/14/bits/stl_algo.h:5577:_ZSt11min_elementIN9__gnu_cxx17__normal_iteratorIPjSt6vectorIjSaIjEEEEET_S7_S7_	56	static
/usr/lib/gcc/x86_64-linux-gnu/14/../../../../include/c++/14/bits/stl_algobase.h:233:_ZSt3minImERKT_S2_S2_	8	static
/usr/lib/gcc/x86_64-linux-gnu/14/../../../../include/c++/14/bits/stl_vector.h:559:_ZNSt6vectorIS_IjSaIjEESaIS1_EEC2EmRKS2_	56	static
/usr/lib/gcc/x86_64-linux-gnu/14/../../../../include/c++/14/bits/stl_vector.h:1141:_ZNSt6vectorIS_IjSaIjEESaIS1_EEixEm	8	static
/usr/lib/gcc/x86_64-linux-gnu/14/../../../../include/c++/14/bits/stl_vector.h:1296:_ZNSt6vectorIjSaIjEE9push_backERKj	88	static
/usr/lib/gcc/x86_64-linux-gnu/14/../../../../include/c++/14/bits/stl_vector.h:1005:_ZNKSt6vectorIS_IjSaIjEESaIS1_EE4sizeEv	8	static
/usr/lib/gcc/x86_64-linux-gnu/14/../../../../include/c++/14/bits/stl_vector.h:746:_ZNSt6vectorIS_IjSaIjEESaIS1_EED2Ev	72	static
sorting_algorithms.cpp:421:_Z12builtin_sortRSt6vectorIjSaIjEE	40	static
/usr/lib/gcc/x86_64-linux-gnu/14/../../../../include/c++/14/bits/stl_algo.h:4762:_ZSt4sortIN9__gnu_cxx17__normal_iteratorIPjSt6vectorIjSaIjEEEEEvT_S7_	56	static
/usr/lib/gcc/x86_64-linux-gnu/14/../../../../include/c++/14/bits/stl_algo.h:5620:_ZSt13__max_elementIN9__gnu_cxx17__normal_iteratorIPjSt6vectorIjSaIjEEEENS0_5__ops15_Iter_less_iterEET_S9_S9_T0_	56	static
/usr/lib/gcc/x86_64-linux-gnu/14/../../../../include/c++/14/bits/predefined_ops.h:50:_ZN9__gnu_cxx5__ops16__iter_less_iterEv	8	static
/usr/lib/gcc/x86_64-linux-gnu/14/../../../../include/c++/14/bits/stl_iterator.h:1216:_ZN9__gnu_cxxeqIPjSt6vectorIjSaIjEEEEbRKNS_17__normal_iteratorIT_T0_EESA_	40	static
/usr/lib/gcc/x86_64-linux-gnu/14/../../../../include/c++/14/bits/stl_iterator.h:1232:_ZN9__gnu_cxxneIPjSt6vectorIjSaIjEEEEbRKNS_17__normal_iteratorIT_T0_EESA_	40	static
/usr/lib/gcc/x86_64-linux-gnu/14/../../../../include/c++/14/bits/stl_iterator.h:1100:_ZN9__gnu_cxx17__normal_iteratorIPjSt6vectorIjSaIjEEEppEv	8	static
/usr/lib/gcc/x86_64-linux-gnu/14/../../../../include/c++/14/bits/predefined_ops.h:44:_ZNK9__gnu_cxx5__ops15_Iter_less_iterclINS_17__normal_iteratorIPjSt6vectorIjSaIjEEEES8_EEbT_T0_	40	static
/usr/lib/gcc/x86_64-linux-gnu/14/../../../../include/c++/14/bits/stl_iterator.h:1153:_ZNK9__gnu_cxx17__normal_iteratorIPjSt6vectorIjSaIjEEE4baseEv	8	static
/usr/lib/gcc/x86_64-linux-gnu/14/../../../../include/c++/14/bits/stl_algo.h:5555:_ZSt13__min_elementIN9__gnu_cxx17__normal_iteratorIPjSt6vectorIjSaIjEEEENS0_5__ops15_Iter_less_iterEET_S9_S9_T0_	56	static
/usr/lib/gcc/x86_64-linux-gnu/14/../../../../include/c++/14/bits/new_allocator.h:104:_ZNSt15__new_allocatorIjED2Ev	8	static
/usr/lib/gcc/x86_64-linux-gnu/14/../../../../include/c++/14/bits/stl_vector.h:1938:_ZNSt6vectorIjSaIjEE17_S_check_init_lenEmRKS0_	88	static
/usr/lib/gcc/x86_64-linux-gnu/14/../../../../include/c++/14/bits/stl_vector.h:335:_ZNSt12_Vector_baseIjSaIjEEC2EmRKS0_	56	static
/usr/lib/gcc/x86_64-linux-gnu/14/../../../../include/c++/14/bits/stl_vector.h:1738:_ZNSt6vectorIjSaIjEE21_M_default_initializeEm	56	static
/usr/lib/gcc/x86_64-linux-gnu/14/../../../../include/c++/14/bits/stl_vector.h:369:_ZNSt12_Vector_baseIjSaIjEED2Ev	24	static
/usr/lib/gcc/x86_64-linux-gnu/14/../../../../include/c++/14/bits/stl_vector.h:1947:_ZNSt6vectorIjSaIjEE11_S_max_sizeERKS0_	56	static
/usr/lib/gcc/x86_64-linux-gnu/14/../../../../include/c++/14/bits/stl_vector.h:148:_ZNSt12_Vector_baseIjSaIjEE12_Vector_implC2ERKS0_	56	static
/usr/lib/gcc/x86_64-linux-gnu/14/../../../../include/c++/14/bits/stl_vector.h:399:_ZNSt12_Vector_baseIjSaIjEE17_M_create_storageEm	40	static
/usr/lib/gcc/x86_64-linux-gnu/14/../../../../include/c++/14/bits/stl_vector.h:135:_ZNSt12_Vector_baseIjSaIjEE12_Vector_implD2Ev	24	static
/usr/lib/gcc/x86_64-linux-gnu/14/../../../../include/c++/14/bits/stl_vector.h:380:_ZNSt12_Vector_baseIjSaIjEE11_M_allocateEm	56	static
/usr/lib/gcc/x86_64-linux-gnu/14/../../../../include/c++/14/bits/new_allocator.h:126:_ZNSt15__new_allocatorIjE8allocateEmPKv	40	static
/usr/lib/gcc/x86_64-linux-gnu/14/../../../../include/c++/14/bits/stl_uninitialized.h:777:_ZSt27__uninitialized_default_n_aIPjmjET_S1_T0_RSaIT1_E	40	static
/usr/lib/gcc/x86_64-linux-gnu/14/../../../../include/c++/14/bits/stl_vector.h:303:_ZNSt12_Vector_baseIjSaIjEE19_M_get_Tp_allocatorEv	8	static
/usr/lib/gcc/x86_64-linux-gnu/14/../../../../include/c++/14/bits/stl_uninitialized.h:696:_ZSt25__uninitialized_default_nIPjmET_S1_T0_	40	static
/usr/lib/gcc/x86_64-linux-gnu/14/../../../../include/c++/14/bits/stl_uninitialized.h:660:_ZNSt27__uninitialized_default_n_1ILb1EE18__uninit_default_nIPjmEET_S3_T0_	40	static
/usr/lib/gcc/x86_64-linux-gnu/14/../../../../include/c++/14/bits/stl_construct.h:109:_ZSt10_ConstructIjJEEvPT_DpOT0_	8	static
/usr/lib/gcc/x86_64-linux-gnu/14/../../../../include/c++/14/bits/stl_algobase.h:1178:_ZSt6fill_nIPjmjET_S1_T0_RKT1_	56	static
/usr/lib/gcc/x86_64-linux-gnu/14/../../../../include/c++/14/bits/stl_algobase.h:1143:_ZSt10__fill_n_aIPjmjET_S1_T0_RKT1_St26random_access_iterator_tag	56	static
/usr/lib/gcc/x86_64-linux-gnu/14/../../../../include/c++/14/bits/stl_algobase.h:1042:_ZSt17__size_to_integerm	8	static
/usr/lib/gcc/x86_64-linux-gnu/14/../../../../include/c++/14/bits/stl_algobase.h:997:_ZSt8__fill_aIPjjEvT_S1_RKT0_	40	static
/usr/lib/gcc/x86_64-linux-gnu/14/../../../../include/c++/14/bits/stl_algobase.h:947:_ZSt9__fill_a1IPjjEN9__gnu_cxx11__enable_ifIXsr11__is_scalarIT0_EE7__valueEvE6__typeET_S6_RKS3_	8	static
/usr/lib/gcc/x86_64-linux-gnu/14/../../../../include/c++/14/bits/stl_vector.h:388:_ZNSt12_Vector_baseIjSaIjEE13_M_deallocateEPjm	72	static
sorting_algorithms.cpp:__clang_call_terminate	8	static
/usr/lib/gcc/x86_64-linux-gnu/14/../../../../include/c++/14/bits/new_allocator.h:156:_ZNSt15__new_allocatorIjE10deallocateEPjm	40	static
/usr/lib/gcc/x86_64-linux-gnu/14/../../../../include/c++/14/bits/stl_construct.h:182:_ZSt8_DestroyIPjEvT_S1_	24	static
/usr/lib/gcc/x86_64-linux-gnu/14/../../../../include/c++/14/bits/stl_construct.h:172:_ZNSt12_Destroy_auxILb1EE9__destroyIPjEEvT_S3_	8	static
/usr/lib/gcc/x86_64-linux-gnu/14/../../../../include/c++/14/bits/stl_iterator.h:1067:_ZN9__gnu_cxx17__normal_iteratorIPjSt6vectorIjSaIjEEEC2ERKS1_	8	static
/usr/lib/gcc/x86_64-linux-gnu/14/../../../../include/c++/14/bits/new_allocator.h:104:_ZNSt15__new_allocatorImED2Ev	8	static
/usr/lib/gcc/x86_64-linux-gnu/14/../../../../include/c++/14/bits/stl_vector.h:1938:_ZNSt6vectorImSaImEE17_S_check_init_lenEmRKS0_	88	static
/usr/lib/gcc/x86_64-linux-gnu/14/../../../../include/c++/14/bits/stl_vector.h:335:_ZNSt12_Vector_baseImSaImEEC2EmRKS0_	56	static
/usr/lib/gcc/x86_64-linux-gnu/14/../../../../include/c++/14/bits/stl_vector.h:1727:_ZNSt6vectorImSaImEE18_M_fill_initializeEmRKm	72	static
/usr/lib/gcc/x86_64-linux-gnu/14/../../../../include/c++/14/bits/stl_vector.h:369:_ZNSt12_Vector_baseImSaImEED2Ev	24	static
/usr/lib/gcc/x86_64-linux-gnu/14/../../../../include/c++/14/bits/stl_vector.h:1947:_ZNSt6vectorImSaImEE11_S_max_sizeERKS0_	56	static
/usr/lib/gcc/x86_64-linux-gnu/14/../../../../include/c++/14/bits/stl_vector.h:148:_ZNSt12_Vector_baseImSaImEE12_Vector_implC2ERKS0_	56	static
/usr/lib/gcc/x86_64-linux-gnu/14/../../../../include/c++/14/bits/stl_vector.h:399:_ZNSt12_Vector_baseImSaImEE17_M_create_storageEm	40	static
/usr/lib/gcc/x86_64-linux-gnu/14/../../../../include/c++/14/bits/stl_vector.h:135:_ZNSt12_Vector_baseImSaImEE12_Vector_implD2Ev	24	static
/usr/lib/gcc/x86_64-linux-gnu/14/../../../../include/c++/14/bits/stl_vector.h:101:_ZNSt12_Vector_baseImSaImEE17_Vector_impl_dataC2Ev	8	static
/usr/lib/gcc/x86_64-linux-gnu/14/../../../../include/c++/14/bits/stl_vector.h:380:_ZNSt12_Vector_baseImSaImEE11_M_allocateEm	56	static
/usr/lib/gcc/x86_64-linux-gnu/14/../../../../include/c++/14/bits/new_allocator.h:126:_ZNSt15__new_allocatorImE8allocateEmPKv	40	static
/usr/lib/gcc/x86_64-linux-gnu/14/../../../../include/c++/14/bits/stl_uninitialized.h:465:_ZSt24__uninitialized_fill_n_aIPmmmmET_S1_T0_RKT1_RSaIT2_E	40	static
/usr/lib/gcc/x86_64-linux-gnu/14/../../../../include/c++/14/bits/stl_vector.h:303:_ZNSt12_Vector_baseImSaImEE19_M_get_Tp_allocatorEv	8	static
/usr/lib/gcc/x86_64-linux-gnu/14/../../../../include/c++/14/bits/stl_uninitialized.h:312:_ZSt20uninitialized_fill_nIPmmmET_S1_T0_RKT1_	40	static
/usr/lib/gcc/x86_64-linux-gnu/14/../../../../include/c++/14/bits/stl_uninitialized.h:292:_ZNSt22__uninitialized_fill_nILb1EE15__uninit_fill_nIPmmmEET_S3_T0_RKT1_	40	static
/usr/lib/gcc/x86_64-linux-gnu/14/../../../../include/c++/14/bits/stl_algobase.h:1178:_ZSt6fill_nIPmmmET_S1_T0_RKT1_	56	static
/usr/lib/gcc/x86_64-linux-gnu/14/../../../../include/c++/14/bits/stl_algobase.h:1143:_ZSt10__fill_n_aIPmmmET_S1_T0_RKT1_St26random_access_iterator_tag	56	static
/usr/lib/gcc/x86_64-linux-gnu/14/../../../../include/c++/14/bits/stl_algobase.h:997:_ZSt8__fill_aIPmmEvT_S1_RKT0_	40	static
/usr/lib/gcc/x86_64-linux-gnu/14/../../../../include/c++/14/bits/stl_algobase.h:947:_ZSt9__fill_a1IPmmEN9__gnu_cxx11__enable_ifIXsr11__is_scalarIT0_EE7__valueEvE6__typeET_S6_RKS3_	8	static
/usr/lib/gcc/x86_64-linux-gnu/14/../../../../include/c++/14/bits/stl_vector.h:388:_ZNSt12_Vector_baseImSaImEE13_M_deallocateEPmm	72	static
/usr/lib/gcc/x86_64-linux-gnu/14/../../../../include/c++/14/bits/new_allocator.h:156:_ZNSt15__new_allocatorImE10deallocateEPmm	40	static
/usr/lib/gcc/x86_64-linux-gnu/14/../../../../include/c++/14/bits/stl_construct.h:182:_ZSt8_DestroyIPmEvT_S1_	24	static
/usr/lib/gcc/x86_64-linux-gnu/14/../../../../include/c++/14/bits/stl_construct.h:172:_ZNSt12_Destroy_auxILb1EE9__destroyIPmEEvT_S3_	8	static
/usr/lib/gcc/x86_64-linux-gnu/14/../../../../include/c++/14/bits/stl_vector.h:124:_ZNSt12_Vector_baseIjSaIjEE17_Vector_impl_data12_M_swap_dataERS2_	56	static
/usr/lib/gcc/x86_64-linux-gnu/14/../../../../include/c++/14/bits/stl_vector.h:101:_ZNSt12_Vector_baseIjSaIjEE17_Vector_impl_dataC2Ev	8	static
/usr/lib/gcc/x86_64-linux-gnu/14/../../../../include/c++/14/bits/stl_vector.h:115:_ZNSt12_Vector_baseIjSaIjEE17_Vector_impl_data12_M_copy_dataERKS2_	8	static
/usr/lib/gcc/x86_64-linux-gnu/14/../../../../include/c++/14/bits/new_allocator.h:104:_ZNSt15__new_allocatorISt6vectorIjSaIjEEED2Ev	8	static
/usr/lib/gcc/x86_64-linux-gnu/14/../../../../include/c++/14/bits/stl_vector.h:1938:_ZNSt6vectorIS_IjSaIjEESaIS1_EE17_S_check_init_lenEmRKS2_	88	static
/usr/lib/gcc/x86_64-linux-gnu/14/../../../../include/c++/14/bits/stl_vector.h:335:_ZNSt12_Vector_baseISt6vectorIjSaIjEESaIS2_EEC2EmRKS3_	56	static
/usr/lib/gcc/x86_64-linux-gnu/14/../../../../include/c++/14/bits/stl_vector.h:1738:_ZNSt6vectorIS_IjSaIjEESaIS1_EE21_M_default_initializeEm	56	static
/usr/lib/gcc/x86_64-linux-gnu/14/../../../../include/c++/14/bits/stl_vector.h:369:_ZNSt12_Vector_baseISt6vectorIjSaIjEESaIS2_EED2Ev	24	static
/usr/lib/gcc/x86_64-linux-gnu/14/../../../../include/c++/14/bits/stl_vector.h:1947:_ZNSt6vectorIS_IjSaIjEESaIS1_EE11_S_max_sizeERKS2_	56	static
/usr/lib/gcc/x86_64-linux-gnu/14/../../../../include/c++/14/bits/stl_vector.h:148:_ZNSt12_Vector_baseISt6vectorIjSaIjEESaIS2_EE12_Vector_implC2ERKS3_	56	static
/usr/lib/gcc/x86_64-linux-gnu/14/../../../../include/c++/14/bits/stl_vector.h:399:_ZNSt12_Vector_baseISt6vectorIjSaIjEESaIS2_EE17_M_create_storageEm	40	static
/usr/lib/gcc/x86_64-linux-gnu/14/../../../../include/c++/14/bits/stl_vector.h:135:_ZNSt12_Vector_baseISt6vectorIjSaIjEESaIS2_EE12_Vector_implD2Ev	24	static
/usr/lib/gcc/x86_64-linux-gnu/14/../../../../include/c++/14/bits/stl_vector.h:101:_ZNSt12_Vector_baseISt6vectorIjSaIjEESaIS2_EE17_Vector_impl_dataC2Ev	8	static
/usr/lib/gcc/x86_64-linux-gnu/14/../../../../include/c++/14/bits/stl_vector.h:380:_ZNSt12_Vector_baseISt6vectorIjSaIjEESaIS2_EE11_M_allocateEm	56	static
/usr/lib/gcc/x86_64-linux-gnu/14/../../../../include/c++/14/bits/new_allocator.h:126:_ZNSt15__new_allocatorISt6vectorIjSaIjEEE8allocateEmPKv	40	static
/usr/lib/gcc/x86_64-linux-gnu/14/../../../../include/c++/14/bits/stl_uninitialized.h:777:_ZSt27__uninitialized_default_n_aIPSt6vectorIjSaIjEEmS2_ET_S4_T0_RSaIT1_E	40	static
/usr/lib/gcc/x86_64-linux-gnu/14/../../../../include/c++/14/bits/stl_vector.h:303:_ZNSt12_Vector_baseISt6vectorIjSaIjEESaIS2_EE19_M_get_Tp_allocatorEv	8	static
/usr/lib/gcc/x86_64-linux-gnu/14/../../../../include/c++/14/bits/stl_uninitialized.h:696:_ZSt25__uninitialized_default_nIPSt6vectorIjSaIjEEmET_S4_T0_	40	static
/usr/lib/gcc/x86_64-linux-gnu/14/../../../../include/c++/14/bits/stl_uninitialized.h:637:_ZNSt27__uninitialized_default_n_1ILb0EE18__uninit_default_nIPSt6vectorIjSaIjEEmEET_S6_T0_	56	static
/usr/lib/gcc/x86_64-linux-gnu/14/../../../../include/c++/14/bits/stl_construct.h:109:_ZSt10_ConstructISt6vectorIjSaIjEEJEEvPT_DpOT0_	24	static
/usr/lib/gcc/x86_64-linux-gnu/14/../../../../include/c++/14/bits/stl_construct.h:182:_ZSt8_DestroyIPSt6vectorIjSaIjEEEvT_S4_	24	static
/usr/lib/gcc/x86_64-linux-gnu/14/../../../../include/c++/14/bits/stl_vector.h:534:_ZNSt6vectorIjSaIjEEC2Ev	24	static
/usr/lib/gcc/x86_64-linux-gnu/14/../../../../include/c++/14/bits/stl_vector.h:317:_ZNSt12_Vector_baseIjSaIjEEC2Ev	24	static
/usr/lib/gcc/x86_64-linux-gnu/14/../../../../include/c++/14/bits/stl_vector.h:139:_ZNSt12_Vector_baseIjSaIjEE12_Vector_implC2Ev	40	static
/usr/lib/gcc/x86_64-linux-gnu/14/../../../../include/c++/14/bits/stl_construct.h:160:_ZNSt12_Destroy_auxILb0EE9__destroyIPSt6vectorIjSaIjEEEEvT_S6_	24	static
/usr/lib/gcc/x86_64-linux-gnu/14/../../../../include/c++/14/bits/stl_construct.h:146:_ZSt8_DestroyISt6vectorIjSaIjEEEvPT_	24	static
/usr/lib/gcc/x86_64-linux-gnu/14/../../../../include/c++/14/bits/stl_vector.h:388:_ZNSt12_Vector_baseISt6vectorIjSaIjEESaIS2_EE13_M_deallocateEPS2_m	72	static
/usr/lib/gcc/x86_64-linux-gnu/14/../../../../include/c++/14/bits/new_allocator.h:156:_ZNSt15__new_allocatorISt6vectorIjSaIjEEE10deallocateEPS2_m	40	static
/usr/lib/gcc/x86_64-linux-gnu/14/../../../../include/c++/14/bits/vector.tcc:582:_ZNSt6vectorIjSaIjEE17_M_realloc_appendIJRKjEEEvDpOT_	200	static
/usr/lib/gcc/x86_64-linux-gnu/14/../../../../include/c++/14/bits/stl_vector.h:1927:_ZNKSt6vectorIjSaIjEE12_M_check_lenEmPKc	104	static
/usr/lib/gcc/x86_64-linux-gnu/14/../../../../include/c++/14/bits/stl_iterator.h:1325:_ZN9__gnu_cxxmiIPjSt6vectorIjSaIjEEEENS_17__normal_iteratorIT_T0_E15difference_typeERKS8_SB_	40	static
/usr/lib/gcc/x86_64-linux-gnu/14/../../../../include/c++/14/bits/vector.tcc:607:_ZZNSt6vectorIjSaIjEE17_M_realloc_appendIJRKjEEEvDpOT_EN6_GuardC2EPjmRS0_	8	static
/usr/lib/gcc/x86_64-linux-gnu/14/../../../../include/c++/14/bits/ptr_traits.h:205:_ZSt12__to_addressIjEPT_S1_	8	static
/usr/lib/gcc/x86_64-linux-gnu/14/../../../../include/c++/14/bits/stl_vector.h:507:_ZNSt6vectorIjSaIjEE11_S_relocateEPjS2_S2_RS0_	40	static
/usr/lib/gcc/x86_64-linux-gnu/14/../../../../include/c++/14/bits/vector.tcc:612:_ZZNSt6vectorIjSaIjEE17_M_realloc_appendIJRKjEEEvDpOT_EN6_GuardD2Ev	56	static
/usr/lib/gcc/x86_64-linux-gnu/14/../../../../include/c++/14/bits/stl_vector.h:1011:_ZNKSt6vectorIjSaIjEE8max_sizeEv	24	static
/usr/lib/gcc/x86_64-linux-gnu/14/../../../../include/c++/14/bits/stl_algobase.h:257:_ZSt3maxImERKT_S2_S2_	8	static
/usr/lib/gcc/x86_64-linux-gnu/14/../../../../include/c++/14/bits/stl_vector.h:308:_ZNKSt12_Vector_baseIjSaIjEE19_M_get_Tp_allocatorEv	8	static
/usr/lib/gcc/x86_64-linux-gnu/14/../../../../include/c++/14/bits/stl_uninitialized.h:1139:_ZSt12__relocate_aIPjS0_SaIjEET0_T_S3_S2_RT1_	56	static
/usr/lib/gcc/x86_64-linux-gnu/14/../../../../include/c++/14/bits/stl_uninitialized.h:1112:_ZSt14__relocate_a_1IjjENSt9enable_ifIXsr3std24__is_bitwise_relocatableIT_EE5valueEPS1_E4typeES2_S2_S2_RSaIT0_E	56	static
/usr/lib/gcc/x86_64-linux-gnu/14/../../../../include/c++/14/bits/stl_algobase.h:316:_ZSt12__niter_baseIPjET_S1_	8	static
/usr/lib/gcc/x86_64-linux-gnu/14/../../../../include/c++/14/bits/stl_algo.h:1900:_ZSt6__sortIN9__gnu_cxx17__normal_iteratorIPjSt6vectorIjSaIjEEEENS0_5__ops15_Iter_less_iterEEvT_S9_T0_	88	static
/usr/lib/gcc/x86_64-linux-gnu/14/../../../../include/c++/14/bits/stl_algo.h:1876:_ZSt16__introsort_loopIN9__gnu_cxx17__normal_iteratorIPjSt6vectorIjSaIjEEEElNS0_5__ops15_Iter_less_iterEEvT_S9_T0_T1_	136	static
/usr/lib/gcc/x86_64-linux-gnu/14/../../../../include/c++/14/bits/stl_algobase.h:1547:_ZSt4__lgIlET_S0_	24	static
/usr/lib/gcc/x86_64-linux-gnu/14/../../../../include/c++/14/bits/stl_algo.h:1812:_ZSt22__final_insertion_sortIN9__gnu_cxx17__normal_iteratorIPjSt6vectorIjSaIjEEEENS0_5__ops15_Iter_less_iterEEvT_S9_T0_	104	static
/usr/lib/gcc/x86_64-linux-gnu/14/../../../../include/c++/14/bits/stl_algo.h:1863:_ZSt14__partial_sortIN9__gnu_cxx17__normal_iteratorIPjSt6vectorIjSaIjEEEENS0_5__ops15_Iter_less_iterEEvT_S9_S9_T0_	88	static
/usr/lib/gcc/x86_64-linux-gnu/14/../../../../include/c++/14/bits/stl_algo.h:1851:_ZSt27__unguarded_partition_pivotIN9__gnu_cxx17__normal_iteratorIPjSt6vectorIjSaIjEEEENS0_5__ops15_Iter_less_iterEET_S9_S9_T0_	120	static
/usr/lib/gcc/x86_64-linux-gnu/14/../../../../include/c++/14/bits/stl_algo.h:1589:_ZSt13__heap_selectIN9__gnu_cxx17__normal_iteratorIPjSt6vectorIjSaIjEEEENS0_5__ops15_Iter_less_iterEEvT_S9_S9_T0_	104	static
/usr/lib/gcc/x86_64-linux-gnu/14/../../../../include/c++/14/bits/stl_heap.h:419:_ZSt11__sort_heapIN9__gnu_cxx17__normal_iteratorIPjSt6vectorIjSaIjEEEENS0_5__ops15_Iter_less_iterEEvT_S9_RT0_	56	static
/usr/lib/gcc/x86_64-linux-gnu/14/../../../../include/c++/14/bits/stl_heap.h:340:_ZSt11__make_heapIN9__gnu_cxx17__normal_iteratorIPjSt6vectorIjSaIjEEEENS0_5__ops15_Iter_less_iterEEvT_S9_RT0_	88	static
/usr/lib/gcc/x86_64-linux-gnu/14/../../../../include/c++/14/bits/stl_iterator.h:1249:_ZN9__gnu_cxxltIPjSt6vectorIjSaIjEEEEbRKNS_17__normal_iteratorIT_T0_EESA_	40	static
/usr/lib/gcc/x86_64-linux-gnu/14/../../../../include/c++/14/bits/stl_heap.h:254:_ZSt10__pop_heapIN9__gnu_cxx17__normal_iteratorIPjSt6vectorIjSaIjEEEENS0_5__ops15_Iter_less_iterEEvT_S9_S9_RT0_	72	static
/usr/lib/gcc/x86_64-linux-gnu/14/../../../../include/c++/14/bits/stl_iterator.h:1138:_ZNK9__gnu_cxx17__normal_iteratorIPjSt6vectorIjSaIjEEEplEl	40	static
/usr/lib/gcc/x86_64-linux-gnu/14/../../../../include/c++/14/bits/stl_heap.h:224:_ZSt13__adjust_heapIN9__gnu_cxx17__normal_iteratorIPjSt6vectorIjSaIjEEEEljNS0_5__ops15_Iter_less_iterEEvT_T0_SA_T1_T2_	168	static
/usr/lib/gcc/x86_64-linux-gnu/14/../../../../include/c++/14/bits/predefined_ops.h:63:_ZN9__gnu_cxx5__ops14_Iter_less_valC2ENS0_15_Iter_less_iterE	8	static
/usr/lib/gcc/x86_64-linux-gnu/14/../../../../include/c++/14/bits/stl_heap.h:135:_ZSt11__push_heapIN9__gnu_cxx17__normal_iteratorIPjSt6vectorIjSaIjEEEEljNS0_5__ops14_Iter_less_valEEvT_T0_SA_T1_RT2_	120	static
/usr/lib/gcc/x86_64-linux-gnu/14/../../../../include/c++/14/bits/predefined_ops.h:68:_ZNK9__gnu_cxx5__ops14_Iter_less_valclINS_17__normal_iteratorIPjSt6vectorIjSaIjEEEEjEEbT_RT0_	40	static
/usr/lib/gcc/x86_64-linux-gnu/14/../../../../include/c++/14/bits/stl_iterator.h:1114:_ZN9__gnu_cxx17__normal_iteratorIPjSt6vectorIjSaIjEEEmmEv	8	static
/usr/lib/gcc/x86_64-linux-gnu/14/../../../../include/c++/14/bits/stl_algo.h:85:_ZSt22__move_median_to_firstIN9__gnu_cxx17__normal_iteratorIPjSt6vectorIjSaIjEEEENS0_5__ops15_Iter_less_iterEEvT_S9_S9_S9_T0_	232	static
/usr/lib/gcc/x86_64-linux-gnu/14/../../../../include/c++/14/bits/stl_iterator.h:1148:_ZNK9__gnu_cxx17__normal_iteratorIPjSt6vectorIjSaIjEEEmiEl	40	static
/usr/lib/gcc/x86_64-linux-gnu/14/../../../../include/c++/14/bits/stl_algo.h:1829:_ZSt21__unguarded_partitionIN9__gnu_cxx17__normal_iteratorIPjSt6vectorIjSaIjEEEENS0_5__ops15_Iter_less_iterEET_S9_S9_S9_T0_	104	static
/usr/lib/gcc/x86_64-linux-gnu/14/../../../../include/c++/14/bits/stl_algobase.h:155:_ZSt9iter_swapIN9__gnu_cxx17__normal_iteratorIPjSt6vectorIjSaIjEEEES6_EvT_T0_	40	static
/usr/lib/gcc/x86_64-linux-gnu/14/../../../../include/c++/14/bit:371:_ZSt11__bit_widthImEiT_	24	static
/usr/lib/gcc/x86_64-linux-gnu/14/../../../../include/c++/14/bit:201:_ZSt13__countl_zeroImEiT_	8	static
/usr/lib/gcc/x86_64-linux-gnu/14/../../../../include/c++/14/bits/stl_algo.h:1770:_ZSt16__insertion_sortIN9__gnu_cxx17__normal_iteratorIPjSt6vectorIjSaIjEEEENS0_5__ops15_Iter_less_iterEEvT_S9_T0_	120	static
/usr/lib/gcc/x86_64-linux-gnu/14/../../../../include/c++/14/bits/stl_algo.h:1794:_ZSt26__unguarded_insertion_sortIN9__gnu_cxx17__normal_iteratorIPjSt6vectorIjSaIjEEEENS0_5__ops15_Iter_less_iterEEvT_S9_T0_	56	static
/usr/lib/gcc/x86_64-linux-gnu/14/../../../../include/c++/14/bits/stl_algobase.h:913:_ZSt13move_backwardIN9__gnu_cxx17__normal_iteratorIPjSt6vectorIjSaIjEEEES6_ET0_T_S8_S7_	88	static
/usr/lib/gcc/x86_64-linux-gnu/14/../../../../include/c++/14/bits/stl_algo.h:1750:_ZSt25__unguarded_linear_insertIN9__gnu_cxx17__normal_iteratorIPjSt6vectorIjSaIjEEEENS0_5__ops14_Val_less_iterEEvT_T0_	56	static
/usr/lib/gcc/x86_64-linux-gnu/14/../../../../include/c++/14/bits/predefined_ops.h:108:_ZN9__gnu_cxx5__ops15__val_comp_iterENS0_15_Iter_less_iterE	8	static
/usr/lib/gcc/x86_64-linux-gnu/14/../../../../include/c++/14/bits/stl_algobase.h:823:_ZSt22__copy_move_backward_aILb1EN9__gnu_cxx17__normal_iteratorIPjSt6vectorIjSaIjEEEES6_ET1_T0_S8_S7_	88	static
/usr/lib/gcc/x86_64-linux-gnu/14/../../../../include/c++/14/bits/cpp_type_traits.h:608:_ZSt12__miter_baseIN9__gnu_cxx17__normal_iteratorIPjSt6vectorIjSaIjEEEEET_S7_	8	static
/usr/lib/gcc/x86_64-linux-gnu/14/../../../../include/c++/14/bits/stl_algobase.h:346:_ZSt12__niter_wrapIN9__gnu_cxx17__normal_iteratorIPjSt6vectorIjSaIjEEEES2_ET_S7_T0_	56	static
/usr/lib/gcc/x86_64-linux-gnu/14/../../../../include/c++/14/bits/stl_algobase.h:795:_ZSt23__copy_move_backward_a1ILb1EPjS0_ET1_T0_S2_S1_	40	static
/usr/lib/gcc/x86_64-linux-gnu/14/../../../../include/c++/14/bits/stl_iterator.h:1348:_ZSt12__niter_baseIPjSt6vectorIjSaIjEEET_N9__gnu_cxx17__normal_iteratorIS4_T0_EE	24	static
/usr/lib/gcc/x86_64-linux-gnu/14/../../../../include/c++/14/bits/stl_algobase.h:777:_ZSt23__copy_move_backward_a2ILb1EPjS0_ET1_T0_S2_S1_	40	static
/usr/lib/gcc/x86_64-linux-gnu/14/../../../../include/c++/14/bits/stl_algobase.h:762:_ZNSt20__copy_move_backwardILb1ELb1ESt26random_access_iterator_tagE13__copy_move_bIjjEEPT0_PT_S6_S4_	40	static
/usr/lib/gcc/x86_64-linux-gnu/14/../../../../include/c++/14/bits/stl_algobase.h:437:_ZNSt11__copy_moveILb1ELb0ESt26random_access_iterator_tagE12__assign_oneIjjEEvPT_PT0_	8	static
/usr/lib/gcc/x86_64-linux-gnu/14/../../../../include/c++/14/bits/predefined_ops.h:97:_ZNK9__gnu_cxx5__ops14_Val_less_iterclIjNS_17__normal_iteratorIPjSt6vectorIjSaIjEEEEEEbRT_T0_	40	static
