/usr/include/c++/14/bits/predefined_ops.h:50:3:constexpr __gnu_cxx::__ops::_Iter_less_iter __gnu_cxx::__ops::__iter_less_iter()	16	static
/usr/include/c++/14/bits/predefined_ops.h:63:5:__gnu_cxx::__ops::_Iter_less_val::_Iter_less_val(__gnu_cxx::__ops::_Iter_less_iter)	16	static
/usr/include/c++/14/bits/predefined_ops.h:108:3:__gnu_cxx::__ops::_Val_less_iter __gnu_cxx::__ops::__val_comp_iter(_Iter_less_iter)	16	static
/usr/include/c++/14/bits/stl_algobase.h:1042:3:constexpr long unsigned int std::__size_to_integer(long unsigned int)	16	static
/usr/include/c++/14/new:179:33:void* operator new(std::size_t, void*)	16	static
/usr/include/c++/14/new:185:13:void operator delete(void*, void*)	16	static
sorting_algorithms.cpp:12:6:void bubble_sort(std::vector<unsigned int>&)	80	static
sorting_algorithms.cpp:33:6:void selection_sort(std::vector<unsigned int>&)	80	static
sorting_algorithms.cpp:53:6:void insertion_sort(std::vector<unsigned int>&)	80	static
sorting_algorithms.cpp:71:8:size_t partition_quicksort_naive(std::vector<unsigned int>&, size_t, size_t)	96	static
sorting_algorithms.cpp:84:6:void quicksort_naive_recursion(std::vector<unsigned int>&, size_t, size_t, size_t)	64	static
sorting_algorithms.cpp:100:8:size_t partition_quicksort_improved(std::vector<unsigned int>&, size_t, size_t)	96	static
sorting_algorithms.cpp:115:6:void quicksort_improved_recursion(std::vector<unsigned int>&, size_t, size_t, size_t)	64	static
sorting_algorithms.cpp:132:6:void quick_sort_naive(std::vector<unsigned int>&)	32	static
sorting_algorithms.cpp:140:6:void quick_sort_improved(std::vector<unsigned int>&)	32	static
sorting_algorithms.cpp:149:6:void mergesort_naive_recursion(std::vector<unsigned int>&, size_t, size_t, size_t)	160	static
sorting_algorithms.cpp:189:6:void merge_arrays(std::vector<unsigned int>&, size_t, size_t, size_t, std::vector<unsigned int>&)	112	static
sorting_algorithms.cpp:219:6:void mergesort_improved_recursion(std::vector<unsigned int>&, size_t, size_t, std::vector<unsigned int>&, size_t)	80	static
sorting_algorithms.cpp:234:6:void merge_sort_improved(std::vector<unsigned int>&)	96	static
sorting_algorithms.cpp:243:6:void merge_sort_naive(std::vector<unsigned int>&)	32	static
sorting_algorithms.cpp:254:6:void heap_siftdown_iterative(std::vector<unsigned int>&, size_t, size_t)	80	static
sorting_algorithms.cpp:273:6:void heap_siftdown_recursive(std::vector<unsigned int>&, size_t, size_t, size_t)	80	static
sorting_algorithms.cpp:291:6:void heap_sort_iterative(std::vector<unsigned int>&)	80	static
sorting_algorithms.cpp:306:6:void heap_sort_recursive(std::vector<unsigned int>&)	80	static
sorting_algorithms.cpp:323:6:void counting_sort(std::vector<unsigned int>&)	160	static
sorting_algorithms.cpp:346:6:void radix_sort(std::vector<unsigned int>&)	2208	static
/usr/include/c++/14/bits/stl_algobase.h:233:5:constexpr const _Tp& std::min(const _Tp&, const _Tp&) [with _Tp = long unsigned int]	16	static
sorting_algorithms.cpp:376:6:void bucket_sort(std::vector<unsigned int>&)	224	static
sorting_algorithms.cpp:421:6:void builtin_sort(std::vector<unsigned int>&)	48	static
/usr/include/c++/14/bits/stl_vector.h:1005:7:std::vector<_Tp, _Alloc>::size_type std::vector<_Tp, _Alloc>::size() const [with _Tp = unsigned int; _Alloc = std::allocator<unsigned int>]	16	static
/usr/include/c++/14/bits/stl_vector.h:1141:7:std::vector<_Tp, _Alloc>::reference std::vector<_Tp, _Alloc>::operator[](size_type) [with _Tp = unsigned int; _Alloc = std::allocator<unsigned int>]	16	static
/usr/include/c++/14/bits/move.h:226:5:std::_Require<std::__not_<std::__is_tuple_like<_Tp> >, std::is_move_constructible<_Tp>, std::is_move_assignable<_Tp> > std::swap(_Tp&, _Tp&) [with _Tp = unsigned int]	48	static
/usr/include/c++/14/bits/stl_vector.h:559:7:std::vector<_Tp, _Alloc>::vector(size_type, const allocator_type&) [with _Tp = unsigned int; _Alloc = std::allocator<unsigned int>]	64	static
/usr/include/c++/14/bits/stl_vector.h:746:7:std::vector<_Tp, _Alloc>::~vector() [with _Tp = unsigned int; _Alloc = std::allocator<unsigned int>]	64	static
/usr/include/c++/14/bits/stl_vector.h:886:7:std::vector<_Tp, _Alloc>::iterator std::vector<_Tp, _Alloc>::begin() [with _Tp = unsigned int; _Alloc = std::allocator<unsigned int>]	48	static
/usr/include/c++/14/bits/stl_vector.h:906:7:std::vector<_Tp, _Alloc>::iterator std::vector<_Tp, _Alloc>::end() [with _Tp = unsigned int; _Alloc = std::allocator<unsigned int>]	48	static
/usr/include/c++/14/bits/stl_algo.h:5641:5:constexpr _FIter std::max_element(_FIter, _FIter) [with _FIter = __gnu_cxx::__normal_iterator<unsigned int*, vector<unsigned int> >]	32	static
/usr/include/c++/14/bits/stl_iterator.h:1090:7:__gnu_cxx::__normal_iterator<_Iterator, _Container>::reference __gnu_cxx::__normal_iterator<_Iterator, _Container>::operator*() const [with _Iterator = unsigned int*; _Container = std::vector<unsigned int>]	16	static
/usr/include/c++/14/bits/stl_vector.h:572:7:std::vector<_Tp, _Alloc>::vector(size_type, const value_type&, const allocator_type&) [with _Tp = long unsigned int; _Alloc = std::allocator<long unsigned int>]	64	static
/usr/include/c++/14/bits/stl_vector.h:746:7:std::vector<_Tp, _Alloc>::~vector() [with _Tp = long unsigned int; _Alloc = std::allocator<long unsigned int>]	64	static
/usr/include/c++/14/bits/stl_vector.h:1141:7:std::vector<_Tp, _Alloc>::reference std::vector<_Tp, _Alloc>::operator[](size_type) [with _Tp = long unsigned int; _Alloc = std::allocator<long unsigned int>]	16	static
/usr/include/c++/14/bits/stl_vector.h:1601:7:void std::vector<_Tp, _Alloc>::swap(std::vector<_Tp, _Alloc>&) [with _Tp = unsigned int; _Alloc = std::allocator<unsigned int>]	96	static
/usr/include/c++/14/bits/stl_algo.h:5577:12:constexpr _FIter std::min_element(_FIter, _FIter) [with _FIter = __gnu_cxx::__normal_iterator<unsigned int*, vector<unsigned int> >]	32	static
/usr/include/c++/14/bits/stl_vector.h:559:7:std::vector<_Tp, _Alloc>::vector(size_type, const allocator_type&) [with _Tp = std::vector<unsigned int>; _Alloc = std::allocator<std::vector<unsigned int> >]	64	static
/usr/include/c++/14/bits/stl_vector.h:746:7:std::vector<_Tp, _Alloc>::~vector() [with _Tp = std::vector<unsigned int>; _Alloc = std::allocator<std::vector<unsigned int> >]	64	static
/usr/include/c++/14/bits/stl_vector.h:1141:7:std::vector<_Tp, _Alloc>::reference std::vector<_Tp, _Alloc>::operator[](size_type) [with _Tp = std::vector<unsigned int>; _Alloc = std::allocator<std::vector<unsigned int> >]	16	static
/usr/include/c++/14/bits/stl_vector.h:1296:7:void std::vector<_Tp, _Alloc>::push_back(const value_type&) [with _Tp = unsigned int; _Alloc = std::allocator<unsigned int>]	96	static
/usr/include/c++/14/bits/stl_vector.h:1005:7:std::vector<_Tp, _Alloc>::size_type std::vector<_Tp, _Alloc>::size() const [with _Tp = std::vector<unsigned int>; _Alloc = std::allocator<std::vector<unsigned int> >]	16	static
/usr/include/c++/14/bits/stl_algo.h:4762:5:void std::sort(_RAIter, _RAIter) [with _RAIter = __gnu_cxx::__normal_iterator<unsigned int*, vector<unsigned int> >]	32	static
/usr/include/c++/14/bits/move.h:137:5:constexpr typename std::remove_reference<_Tp>::type&& std::move(_Tp&&) [with _Tp = unsigned int&]	16	static
/usr/include/c++/14/bits/new_allocator.h:104:7:std::__new_allocator<_Tp>::~__new_allocator() [with _Tp = unsigned int]	16	static
/usr/include/c++/14/bits/stl_vector.h:1938:7:static std::vector<_Tp, _Alloc>::size_type std::vector<_Tp, _Alloc>::_S_check_init_len(size_type, const allocator_type&) [with _Tp = unsigned int; _Alloc = std::allocator<unsigned int>]	80	static
/usr/include/c++/14/bits/stl_vector.h:135:14:std::_Vector_base<unsigned int, std::allocator<unsigned int> >::_Vector_impl::~_Vector_impl()	48	static
/usr/include/c++/14/bits/stl_vector.h:335:7:std::_Vector_base<_Tp, _Alloc>::_Vector_base(std::size_t, const allocator_type&) [with _Tp = unsigned int; _Alloc = std::allocator<unsigned int>]	64	static
/usr/include/c++/14/bits/stl_vector.h:369:7:std::_Vector_base<_Tp, _Alloc>::~_Vector_base() [with _Tp = unsigned int; _Alloc = std::allocator<unsigned int>]	32	static
/usr/include/c++/14/bits/stl_vector.h:1738:7:void std::vector<_Tp, _Alloc>::_M_default_initialize(size_type) [with _Tp = unsigned int; _Alloc = std::allocator<unsigned int>]	32	static
/usr/include/c++/14/bits/stl_vector.h:303:7:std::_Vector_base<_Tp, _Alloc>::_Tp_alloc_type& std::_Vector_base<_Tp, _Alloc>::_M_get_Tp_allocator() [with _Tp = unsigned int; _Alloc = std::allocator<unsigned int>]	16	static
/usr/include/c++/14/bits/stl_iterator.h:1067:7:__gnu_cxx::__normal_iterator<_Iterator, _Container>::__normal_iterator(const _Iterator&) [with _Iterator = unsigned int*; _Container = std::vector<unsigned int>]	16	static
/usr/include/c++/14/bits/stl_algo.h:5620:5:constexpr _ForwardIterator std::__max_element(_ForwardIterator, _ForwardIterator, _Compare) [with _ForwardIterator = __gnu_cxx::__normal_iterator<unsigned int*, vector<unsigned int> >; _Compare = __gnu_cxx::__ops::_Iter_less_iter]	64	static
/usr/include/c++/14/bits/new_allocator.h:104:7:std::__new_allocator<_Tp>::~__new_allocator() [with _Tp = long unsigned int]	16	static
/usr/include/c++/14/bits/stl_vector.h:1938:7:static std::vector<_Tp, _Alloc>::size_type std::vector<_Tp, _Alloc>::_S_check_init_len(size_type, const allocator_type&) [with _Tp = long unsigned int; _Alloc = std::allocator<long unsigned int>]	80	static
/usr/include/c++/14/bits/stl_vector.h:135:14:std::_Vector_base<long unsigned int, std::allocator<long unsigned int> >::_Vector_impl::~_Vector_impl()	48	static
/usr/include/c++/14/bits/stl_vector.h:335:7:std::_Vector_base<_Tp, _Alloc>::_Vector_base(std::size_t, const allocator_type&) [with _Tp = long unsigned int; _Alloc = std::allocator<long unsigned int>]	64	static
/usr/include/c++/14/bits/stl_vector.h:369:7:std::_Vector_base<_Tp, _Alloc>::~_Vector_base() [with _Tp = long unsigned int; _Alloc = std::allocator<long unsigned int>]	32	static
/usr/include/c++/14/bits/stl_vector.h:1727:7:void std::vector<_Tp, _Alloc>::_M_fill_initialize(size_type, const value_type&) [with _Tp = long unsigned int; _Alloc = std::allocator<long unsigned int>]	48	static
/usr/include/c++/14/bits/stl_vector.h:303:7:std::_Vector_base<_Tp, _Alloc>::_Tp_alloc_type& std::_Vector_base<_Tp, _Alloc>::_M_get_Tp_allocator() [with _Tp = long unsigned int; _Alloc = std::allocator<long unsigned int>]	16	static
/usr/include/c++/14/bits/stl_vector.h:124:2:void std::_Vector_base<_Tp, _Alloc>::_Vector_impl_data::_M_swap_data(std::_Vector_base<_Tp, _Alloc>::_Vector_impl_data&) [with _Tp = unsigned int; _Alloc = std::allocator<unsigned int>]	64	static
/usr/include/c++/14/bits/stl_algo.h:5555:5:constexpr _ForwardIterator std::__min_element(_ForwardIterator, _ForwardIterator, _Compare) [with _ForwardIterator = __gnu_cxx::__normal_iterator<unsigned int*, vector<unsigned int> >; _Compare = __gnu_cxx::__ops::_Iter_less_iter]	64	static
/usr/include/c++/14/bits/new_allocator.h:104:7:std::__new_allocator<_Tp>::~__new_allocator() [with _Tp = std::vector<unsigned int>]	16	static
/usr/include/c++/14/bits/stl_vector.h:1938:7:static std::vector<_Tp, _Alloc>::size_type std::vector<_Tp, _Alloc>::_S_check_init_len(size_type, const allocator_type&) [with _Tp = std::vector<unsigned int>; _Alloc = std::allocator<std::vector<unsigned int> >]	80	static
/usr/include/c++/14/bits/stl_vector.h:135:14:std::_Vector_base<std::vector<unsigned int>, std::allocator<std::vector<unsigned int> > >::_Vector_impl::~_Vector_impl()	48	static
/usr/include/c++/14/bits/stl_vector.h:335:7:std::_Vector_base<_Tp, _Alloc>::_Vector_base(std::size_t, const allocator_type&) [with _Tp = std::vector<unsigned int>; _Alloc = std::allocator<std::vector<unsigned int> >]	64	static
/usr/include/c++/14/bits/stl_vector.h:369:7:std::_Vector_base<_Tp, _Alloc>::~_Vector_base() [with _Tp = std::vector<unsigned int>; _Alloc = std::allocator<std::vector<unsigned int> >]	32	static
/usr/include/c++/14/bits/stl_vector.h:1738:7:void std::vector<_Tp, _Alloc>::_M_default_initialize(size_type) [with _Tp = std::vector<unsigned int>; _Alloc = std::allocator<std::vector<unsigned int> >]	32	static
/usr/include/c++/14/bits/stl_vector.h:303:7:std::_Vector_base<_Tp, _Alloc>::_Tp_alloc_type& std::_Vector_base<_Tp, _Alloc>::_M_get_Tp_allocator() [with _Tp = std::vector<unsigned int>; _Alloc = std::allocator<std::vector<unsigned int> >]	16	static
/usr/include/c++/14/bits/vector.tcc:607:2:)::_Guard::_Guard(std::vector<_Tp, _Alloc>::pointer, std::vector<_Tp, _Alloc>::size_type, std::vector<_Tp, _Alloc>::_Tp_alloc_type&) [with _Args = {const unsigned int&}; _Tp = unsigned int; _Alloc = std::allocator<unsigned int>]	16	static
/usr/include/c++/14/bits/vector.tcc:612:2:)::_Guard::~_Guard() [with _Args = {const unsigned int&}; _Tp = unsigned int; _Alloc = std::allocator<unsigned int>]	64	static
/usr/include/c++/14/bits/vector.tcc:581:7:) [with _Args = {const unsigned int&}; _Tp = unsigned int; _Alloc = std::allocator<unsigned int>]	192	static
/usr/include/c++/14/bits/stl_algo.h:1900:5:void std::__sort(_RandomAccessIterator, _RandomAccessIterator, _Compare) [with _RandomAccessIterator = __gnu_cxx::__normal_iterator<unsigned int*, vector<unsigned int> >; _Compare = __gnu_cxx::__ops::_Iter_less_iter]	48	static
/usr/include/c++/14/bits/stl_vector.h:1947:7:static std::vector<_Tp, _Alloc>::size_type std::vector<_Tp, _Alloc>::_S_max_size(const _Tp_alloc_type&) [with _Tp = unsigned int; _Alloc = std::allocator<unsigned int>]	80	static
/usr/include/c++/14/bits/stl_vector.h:148:2:std::_Vector_base<_Tp, _Alloc>::_Vector_impl::_Vector_impl(const std::_Vector_base<_Tp, _Alloc>::_Tp_alloc_type&) [with _Tp = unsigned int; _Alloc = std::allocator<unsigned int>]	64	static
/usr/include/c++/14/bits/stl_vector.h:399:7:void std::_Vector_base<_Tp, _Alloc>::_M_create_storage(std::size_t) [with _Tp = unsigned int; _Alloc = std::allocator<unsigned int>]	32	static
/usr/include/c++/14/bits/stl_vector.h:388:7:void std::_Vector_base<_Tp, _Alloc>::_M_deallocate(pointer, std::size_t) [with _Tp = unsigned int; _Alloc = std::allocator<unsigned int>]	80	static
/usr/include/c++/14/bits/stl_uninitialized.h:777:5:_ForwardIterator std::__uninitialized_default_n_a(_ForwardIterator, _Size, allocator<_Tp>&) [with _ForwardIterator = unsigned int*; _Size = long unsigned int; _Tp = unsigned int]	48	static
/usr/include/c++/14/bits/stl_construct.h:182:5:void std::_Destroy(_ForwardIterator, _ForwardIterator) [with _ForwardIterator = unsigned int*]	32	static
/usr/include/c++/14/bits/stl_iterator.h:1216:5:bool __gnu_cxx::operator==(const __normal_iterator<_Iterator, _Container>&, const __normal_iterator<_Iterator, _Container>&) [with _Iterator = unsigned int*; _Container = std::vector<unsigned int>]	48	static
/usr/include/c++/14/bits/stl_iterator.h:1100:7:__gnu_cxx::__normal_iterator<_Iterator, _Container>& __gnu_cxx::__normal_iterator<_Iterator, _Container>::operator++() [with _Iterator = unsigned int*; _Container = std::vector<unsigned int>]	16	static
/usr/include/c++/14/bits/stl_iterator.h:1232:5:bool __gnu_cxx::operator!=(const __normal_iterator<_Iterator, _Container>&, const __normal_iterator<_Iterator, _Container>&) [with _Iterator = unsigned int*; _Container = std::vector<unsigned int>]	48	static
/usr/include/c++/14/bits/predefined_ops.h:44:7:constexpr bool __gnu_cxx::__ops::_Iter_less_iter::operator()(_Iterator1, _Iterator2) const [with _Iterator1 = __gnu_cxx::__normal_iterator<unsigned int*, std::vector<unsigned int> >; _Iterator2 = __gnu_cxx::__normal_iterator<unsigned int*, std::vector<unsigned int> >]	64	static
/usr/include/c++/14/bits/stl_vector.h:1947:7:static std::vector<_Tp, _Alloc>::size_type std::vector<_Tp, _Alloc>::_S_max_size(const _Tp_alloc_type&) [with _Tp = long unsigned int; _Alloc = std::allocator<long unsigned int>]	80	static
/usr/include/c++/14/bits/stl_vector.h:148:2:std::_Vector_base<_Tp, _Alloc>::_Vector_impl::_Vector_impl(const std::_Vector_base<_Tp, _Alloc>::_Tp_alloc_type&) [with _Tp = long unsigned int; _Alloc = std::allocator<long unsigned int>]	64	static
/usr/include/c++/14/bits/stl_vector.h:399:7:void std::_Vector_base<_Tp, _Alloc>::_M_create_storage(std::size_t) [with _Tp = long unsigned int; _Alloc = std::allocator<long unsigned int>]	32	static
/usr/include/c++/14/bits/stl_vector.h:388:7:void std::_Vector_base<_Tp, _Alloc>::_M_deallocate(pointer, std::size_t) [with _Tp = long unsigned int; _Alloc = std::allocator<long unsigned int>]	80	static
/usr/include/c++/14/bits/stl_uninitialized.h:465:5:_ForwardIterator std::__uninitialized_fill_n_a(_ForwardIterator, _Size, const _Tp&, allocator<_Tp2>&) [with _ForwardIterator = long unsigned int*; _Size = long unsigned int; _Tp = long unsigned int; _Tp2 = long unsigned int]	48	static
/usr/include/c++/14/bits/stl_construct.h:182:5:void std::_Destroy(_ForwardIterator, _ForwardIterator) [with _ForwardIterator = long unsigned int*]	32	static
/usr/include/c++/14/bits/stl_vector.h:101:2:std::_Vector_base<_Tp, _Alloc>::_Vector_impl_data::_Vector_impl_data() [with _Tp = unsigned int; _Alloc = std::allocator<unsigned int>]	16	static
/usr/include/c++/14/bits/stl_vector.h:115:2:void std::_Vector_base<_Tp, _Alloc>::_Vector_impl_data::_M_copy_data(const std::_Vector_base<_Tp, _Alloc>::_Vector_impl_data&) [with _Tp = unsigned int; _Alloc = std::allocator<unsigned int>]	16	static
/usr/include/c++/14/bits/stl_vector.h:1947:7:static std::vector<_Tp, _Alloc>::size_type std::vector<_Tp, _Alloc>::_S_max_size(const _Tp_alloc_type&) [with _Tp = std::vector<unsigned int>; _Alloc = std::allocator<std::vector<unsigned int> >]	80	static
/usr/include/c++/14/bits/stl_vector.h:148:2:std::_Vector_base<_Tp, _Alloc>::_Vector_impl::_Vector_impl(const std::_Vector_base<_Tp, _Alloc>::_Tp_alloc_type&) [with _Tp = std::vector<unsigned int>; _Alloc = std::allocator<std::vector<unsigned int> >]	64	static
/usr/include/c++/14/bits/stl_vector.h:399:7:void std::_Vector_base<_Tp, _Alloc>::_M_create_storage(std::size_t) [with _Tp = std::vector<unsigned int>; _Alloc = std::allocator<std::vector<unsigned int> >]	32	static
/usr/include/c++/14/bits/stl_vector.h:388:7:void std::_Vector_base<_Tp, _Alloc>::_M_deallocate(pointer, std::size_t) [with _Tp = std::vector<unsigned int>; _Alloc = std::allocator<std::vector<unsigned int> >]	80	static
/usr/include/c++/14/bits/stl_uninitialized.h:777:5:_ForwardIterator std::__uninitialized_default_n_a(_ForwardIterator, _Size, allocator<_Tp>&) [with _ForwardIterator = vector<unsigned int>*; _Size = long unsigned int; _Tp = vector<unsigned int>]	48	static
/usr/include/c++/14/bits/stl_construct.h:182:5:void std::_Destroy(_ForwardIterator, _ForwardIterator) [with _ForwardIterator = vector<unsigned int>*]	32	static
/usr/include/c++/14/bits/move.h:71:5:constexpr _Tp&& std::forward(typename remove_reference<_Functor>::type&) [with _Tp = const unsigned int&]	16	static
/usr/include/c++/14/bits/stl_vector.h:1927:7:std::vector<_Tp, _Alloc>::size_type std::vector<_Tp, _Alloc>::_M_check_len(size_type, const char*) const [with _Tp = unsigned int; _Alloc = std::allocator<unsigned int>]	80	static
/usr/include/c++/14/bits/stl_iterator.h:1325:5:typename __gnu_cxx::__normal_iterator<_Iterator, _Container>::difference_type __gnu_cxx::operator-(const __normal_iterator<_Iterator, _Container>&, const __normal_iterator<_Iterator, _Container>&) [with _Iterator = unsigned int*; _Container = std::vector<unsigned int>]	48	static
/usr/include/c++/14/bits/stl_vector.h:380:7:std::_Vector_base<_Tp, _Alloc>::pointer std::_Vector_base<_Tp, _Alloc>::_M_allocate(std::size_t) [with _Tp = unsigned int; _Alloc = std::allocator<unsigned int>]	48	static
/usr/include/c++/14/bits/ptr_traits.h:205:5:constexpr _Tp* std::__to_address(_Tp*) [with _Tp = unsigned int]	16	static
/usr/include/c++/14/bits/stl_vector.h:507:7:static std::vector<_Tp, _Alloc>::pointer std::vector<_Tp, _Alloc>::_S_relocate(pointer, pointer, pointer, _Tp_alloc_type&) [with _Tp = unsigned int; _Alloc = std::allocator<unsigned int>]	48	static
/usr/include/c++/14/bits/stl_algobase.h:1547:5:constexpr _Tp std::__lg(_Tp) [with _Tp = long int]	32	static
/usr/include/c++/14/bits/stl_algo.h:1876:5:void std::__introsort_loop(_RandomAccessIterator, _RandomAccessIterator, _Size, _Compare) [with _RandomAccessIterator = __gnu_cxx::__normal_iterator<unsigned int*, vector<unsigned int> >; _Size = long int; _Compare = __gnu_cxx::__ops::_Iter_less_iter]	64	static
/usr/include/c++/14/bits/stl_algo.h:1812:5:void std::__final_insertion_sort(_RandomAccessIterator, _RandomAccessIterator, _Compare) [with _RandomAccessIterator = __gnu_cxx::__normal_iterator<unsigned int*, vector<unsigned int> >; _Compare = __gnu_cxx::__ops::_Iter_less_iter]	48	static
/usr/include/c++/14/bits/stl_uninitialized.h:696:5:_ForwardIterator std::__uninitialized_default_n(_ForwardIterator, _Size) [with _ForwardIterator = unsigned int*; _Size = long unsigned int]	48	static
/usr/include/c++/14/bits/stl_construct.h:172:9:static void std::_Destroy_aux<true>::__destroy(_ForwardIterator, _ForwardIterator) [with _ForwardIterator = unsigned int*]	16	static
/usr/include/c++/14/bits/stl_iterator.h:1153:7:const _Iterator& __gnu_cxx::__normal_iterator<_Iterator, _Container>::base() const [with _Iterator = unsigned int*; _Container = std::vector<unsigned int>]	16	static
/usr/include/c++/14/bits/stl_vector.h:101:2:std::_Vector_base<_Tp, _Alloc>::_Vector_impl_data::_Vector_impl_data() [with _Tp = long unsigned int; _Alloc = std::allocator<long unsigned int>]	16	static
/usr/include/c++/14/bits/stl_vector.h:380:7:std::_Vector_base<_Tp, _Alloc>::pointer std::_Vector_base<_Tp, _Alloc>::_M_allocate(std::size_t) [with _Tp = long unsigned int; _Alloc = std::allocator<long unsigned int>]	48	static
/usr/include/c++/14/bits/stl_uninitialized.h:312:5:_ForwardIterator std::uninitialized_fill_n(_ForwardIterator, _Size, const _Tp&) [with _ForwardIterator = long unsigned int*; _Size = long unsigned int; _Tp = long unsigned int]	64	static
/usr/include/c++/14/bits/stl_construct.h:172:9:static void std::_Destroy_aux<true>::__destroy(_ForwardIterator, _ForwardIterator) [with _ForwardIterator = long unsigned int*]	16	static
/usr/include/c++/14/bits/stl_vector.h:101:2:std::_Vector_base<_Tp, _Alloc>::_Vector_impl_data::_Vector_impl_data() [with _Tp = std::vector<unsigned int>; _Alloc = std::allocator<std::vector<unsigned int> >]	16	static
/usr/include/c++/14/bits/stl_vector.h:380:7:std::_Vector_base<_Tp, _Alloc>::pointer std::_Vector_base<_Tp, _Alloc>::_M_allocate(std::size_t) [with _Tp = std::vector<unsigned int>; _Alloc = std::allocator<std::vector<unsigned int> >]	48	static
/usr/include/c++/14/bits/stl_uninitialized.h:696:5:_ForwardIterator std::__uninitialized_default_n(_ForwardIterator, _Size) [with _ForwardIterator = vector<unsigned int>*; _Size = long unsigned int]	48	static
/usr/include/c++/14/bits/stl_construct.h:160:2:static void std::_Destroy_aux<<anonymous> >::__destroy(_ForwardIterator, _ForwardIterator) [with _ForwardIterator = std::vector<unsigned int>*; bool <anonymous> = false]	32	static
/usr/include/c++/14/bits/stl_vector.h:1011:7:std::vector<_Tp, _Alloc>::size_type std::vector<_Tp, _Alloc>::max_size() const [with _Tp = unsigned int; _Alloc = std::allocator<unsigned int>]	32	static
/usr/include/c++/14/bits/stl_algobase.h:257:5:constexpr const _Tp& std::max(const _Tp&, const _Tp&) [with _Tp = long unsigned int]	16	static
/usr/include/c++/14/bits/new_allocator.h:156:7:void std::__new_allocator<_Tp>::deallocate(_Tp*, size_type) [with _Tp = unsigned int]	48	static
/usr/include/c++/14/bits/stl_uninitialized.h:1139:5:_ForwardIterator std::__relocate_a(_InputIterator, _InputIterator, _ForwardIterator, _Allocator&) [with _InputIterator = unsigned int*; _ForwardIterator = unsigned int*; _Allocator = allocator<unsigned int>]	64	static
/usr/include/c++/14/bit:371:5:constexpr int std::__bit_width(_Tp) [with _Tp = long unsigned int]	48	static
/usr/include/c++/14/bits/stl_algo.h:1863:5:void std::__partial_sort(_RandomAccessIterator, _RandomAccessIterator, _RandomAccessIterator, _Compare) [with _RandomAccessIterator = __gnu_cxx::__normal_iterator<unsigned int*, vector<unsigned int> >; _Compare = __gnu_cxx::__ops::_Iter_less_iter]	48	static
/usr/include/c++/14/bits/stl_algo.h:1851:5:_RandomAccessIterator std::__unguarded_partition_pivot(_RandomAccessIterator, _RandomAccessIterator, _Compare) [with _RandomAccessIterator = __gnu_cxx::__normal_iterator<unsigned int*, vector<unsigned int> >; _Compare = __gnu_cxx::__ops::_Iter_less_iter]	80	static
/usr/include/c++/14/bits/stl_iterator.h:1138:7:__gnu_cxx::__normal_iterator<_Iterator, _Container> __gnu_cxx::__normal_iterator<_Iterator, _Container>::operator+(difference_type) const [with _Iterator = unsigned int*; _Container = std::vector<unsigned int>]	48	static
/usr/include/c++/14/bits/stl_algo.h:1770:5:void std::__insertion_sort(_RandomAccessIterator, _RandomAccessIterator, _Compare) [with _RandomAccessIterator = __gnu_cxx::__normal_iterator<unsigned int*, vector<unsigned int> >; _Compare = __gnu_cxx::__ops::_Iter_less_iter]	80	static
/usr/include/c++/14/bits/stl_algo.h:1794:5:void std::__unguarded_insertion_sort(_RandomAccessIterator, _RandomAccessIterator, _Compare) [with _RandomAccessIterator = __gnu_cxx::__normal_iterator<unsigned int*, vector<unsigned int> >; _Compare = __gnu_cxx::__ops::_Iter_less_iter]	64	static
/usr/include/c++/14/bits/stl_uninitialized.h:660:9:static _ForwardIterator std::__uninitialized_default_n_1<true>::__uninit_default_n(_ForwardIterator, _Size) [with _ForwardIterator = unsigned int*; _Size = long unsigned int]	48	static
/usr/include/c++/14/bits/new_allocator.h:156:7:void std::__new_allocator<_Tp>::deallocate(_Tp*, size_type) [with _Tp = long unsigned int]	48	static
/usr/include/c++/14/bits/stl_uninitialized.h:292:9:static _ForwardIterator std::__uninitialized_fill_n<true>::__uninit_fill_n(_ForwardIterator, _Size, const _Tp&) [with _ForwardIterator = long unsigned int*; _Size = long unsigned int; _Tp = long unsigned int]	48	static
/usr/include/c++/14/bits/new_allocator.h:156:7:void std::__new_allocator<_Tp>::deallocate(_Tp*, size_type) [with _Tp = std::vector<unsigned int>]	48	static
/usr/include/c++/14/bits/stl_uninitialized.h:637:9:static _ForwardIterator std::__uninitialized_default_n_1<_TrivialValueType>::__uninit_default_n(_ForwardIterator, _Size) [with _ForwardIterator = std::vector<unsigned int>*; _Size = long unsigned int; bool _TrivialValueType = false]	48	static
/usr/include/c++/14/bits/move.h:51:5:constexpr _Tp* std::__addressof(_Tp&) [with _Tp = vector<unsigned int>]	16	static
/usr/include/c++/14/bits/stl_construct.h:146:5:constexpr void std::_Destroy(_Tp*) [with _Tp = vector<unsigned int>]	32	static
/usr/include/c++/14/bits/stl_vector.h:308:7:const std::_Vector_base<_Tp, _Alloc>::_Tp_alloc_type& std::_Vector_base<_Tp, _Alloc>::_M_get_Tp_allocator() const [with _Tp = unsigned int; _Alloc = std::allocator<unsigned int>]	16	static
/usr/include/c++/14/bits/new_allocator.h:126:7:_Tp* std::__new_allocator<_Tp>::allocate(size_type, const void*) [with _Tp = unsigned int]	64	static
/usr/include/c++/14/bits/stl_algobase.h:316:5:_Iterator std::__niter_base(_Iterator) [with _Iterator = unsigned int*]	16	static
/usr/include/c++/14/bits/stl_uninitialized.h:1112:5:std::__enable_if_t<((bool)std::__is_bitwise_relocatable<_Tp>::value), _Tp*> std::__relocate_a_1(_Tp*, _Tp*, _Tp*, allocator<_T2>&) [with _Tp = unsigned int; _Up = unsigned int]	64	static
/usr/include/c++/14/bit:201:5:constexpr int std::__countl_zero(_Tp) [with _Tp = long unsigned int]	16	static
/usr/include/c++/14/bits/stl_algo.h:1589:5:void std::__heap_select(_RandomAccessIterator, _RandomAccessIterator, _RandomAccessIterator, _Compare) [with _RandomAccessIterator = __gnu_cxx::__normal_iterator<unsigned int*, vector<unsigned int> >; _Compare = __gnu_cxx::__ops::_Iter_less_iter]	64	static
/usr/include/c++/14/bits/stl_heap.h:419:5:void std::__sort_heap(_RandomAccessIterator, _RandomAccessIterator, _Compare&) [with _RandomAccessIterator = __gnu_cxx::__normal_iterator<unsigned int*, vector<unsigned int> >; _Compare = __gnu_cxx::__ops::_Iter_less_iter]	48	static
/usr/include/c++/14/bits/stl_iterator.h:1148:7:__gnu_cxx::__normal_iterator<_Iterator, _Container> __gnu_cxx::__normal_iterator<_Iterator, _Container>::operator-(difference_type) const [with _Iterator = unsigned int*; _Container = std::vector<unsigned int>]	48	static
/usr/include/c++/14/bits/stl_algo.h:85:5:void std::__move_median_to_first(_Iterator, _Iterator, _Iterator, _Iterator, _Compare) [with _Iterator = __gnu_cxx::__normal_iterator<unsigned int*, vector<unsigned int> >; _Compare = __gnu_cxx::__ops::_Iter_less_iter]	64	static
/usr/include/c++/14/bits/stl_algo.h:1829:5:_RandomAccessIterator std::__unguarded_partition(_RandomAccessIterator, _RandomAccessIterator, _RandomAccessIterator, _Compare) [with _RandomAccessIterator = __gnu_cxx::__normal_iterator<unsigned int*, vector<unsigned int> >; _Compare = __gnu_cxx::__ops::_Iter_less_iter]	48	static
/usr/include/c++/14/bits/stl_algobase.h:913:5:_BI2 std::move_backward(_BI1, _BI1, _BI2) [with _BI1 = __gnu_cxx::__normal_iterator<unsigned int*, vector<unsigned int> >; _BI2 = __gnu_cxx::__normal_iterator<unsigned int*, vector<unsigned int> >]	64	static
/usr/include/c++/14/bits/stl_algo.h:1750:5:void std::__unguarded_linear_insert(_RandomAccessIterator, _Compare) [with _RandomAccessIterator = __gnu_cxx::__normal_iterator<unsigned int*, vector<unsigned int> >; _Compare = __gnu_cxx::__ops::_Val_less_iter]	64	static
/usr/include/c++/14/bits/move.h:51:5:constexpr _Tp* std::__addressof(_Tp&) [with _Tp = unsigned int]	16	static
/usr/include/c++/14/bits/stl_construct.h:109:5:) [with _Tp = unsigned int; _Args = {}]	48	static
/usr/include/c++/14/bits/stl_algobase.h:1178:5:_OI std::fill_n(_OI, _Size, const _Tp&) [with _OI = unsigned int*; _Size = long unsigned int; _Tp = unsigned int]	48	static
/usr/include/c++/14/bits/new_allocator.h:126:7:_Tp* std::__new_allocator<_Tp>::allocate(size_type, const void*) [with _Tp = long unsigned int]	64	static
/usr/include/c++/14/bits/stl_algobase.h:1178:5:_OI std::fill_n(_OI, _Size, const _Tp&) [with _OI = long unsigned int*; _Size = long unsigned int; _Tp = long unsigned int]	48	static
/usr/include/c++/14/bits/new_allocator.h:126:7:_Tp* std::__new_allocator<_Tp>::allocate(size_type, const void*) [with _Tp = std::vector<unsigned int>]	64	static
/usr/include/c++/14/bits/stl_vector.h:317:7:std::_Vector_base<_Tp, _Alloc>::_Vector_base() [with _Tp = unsigned int; _Alloc = std::allocator<unsigned int>]	32	static
/usr/include/c++/14/bits/stl_vector.h:534:7:std::vector<_Tp, _Alloc>::vector() [with _Tp = unsigned int; _Alloc = std::allocator<unsigned int>]	32	static
/usr/include/c++/14/bits/stl_construct.h:109:5:) [with _Tp = vector<unsigned int>; _Args = {}]	48	static
/usr/include/c++/14/bits/stl_heap.h:340:5:void std::__make_heap(_RandomAccessIterator, _RandomAccessIterator, _Compare&) [with _RandomAccessIterator = __gnu_cxx::__normal_iterator<unsigned int*, vector<unsigned int> >; _Compare = __gnu_cxx::__ops::_Iter_less_iter]	80	static
/usr/include/c++/14/bits/stl_iterator.h:1249:5:bool __gnu_cxx::operator<(const __normal_iterator<_Iterator, _Container>&, const __normal_iterator<_Iterator, _Container>&) [with _Iterator = unsigned int*; _Container = std::vector<unsigned int>]	48	static
/usr/include/c++/14/bits/stl_heap.h:254:5:void std::__pop_heap(_RandomAccessIterator, _RandomAccessIterator, _RandomAccessIterator, _Compare&) [with _RandomAccessIterator = __gnu_cxx::__normal_iterator<unsigned int*, vector<unsigned int> >; _Compare = __gnu_cxx::__ops::_Iter_less_iter]	80	static
/usr/include/c++/14/bits/stl_iterator.h:1114:7:__gnu_cxx::__normal_iterator<_Iterator, _Container>& __gnu_cxx::__normal_iterator<_Iterator, _Container>::operator--() [with _Iterator = unsigned int*; _Container = std::vector<unsigned int>]	16	static
/usr/include/c++/14/bits/stl_algobase.h:155:5:void std::iter_swap(_ForwardIterator1, _ForwardIterator2) [with _ForwardIterator1 = __gnu_cxx::__normal_iterator<unsigned int*, vector<unsigned int> >; _ForwardIterator2 = __gnu_cxx::__normal_iterator<unsigned int*, vector<unsigned int> >]	48	static
/usr/include/c++/14/bits/cpp_type_traits.h:608:5:_Iterator std::__miter_base(_Iterator) [with _Iterator = __gnu_cxx::__normal_iterator<unsigned int*, vector<unsigned int> >]	16	static
/usr/include/c++/14/bits/stl_algobase.h:823:5:_OI std::__copy_move_backward_a(_II, _II, _OI) [with bool _IsMove = true; _II = __gnu_cxx::__normal_iterator<unsigned int*, vector<unsigned int> >; _OI = __gnu_cxx::__normal_iterator<unsigned int*, vector<unsigned int> >]	64	static
/usr/include/c++/14/bits/predefined_ops.h:97:7:bool __gnu_cxx::__ops::_Val_less_iter::operator()(_Value&, _Iterator) const [with _Value = unsigned int; _Iterator = __gnu_cxx::__normal_iterator<unsigned int*, std::vector<unsigned int> >]	64	static
/usr/include/c++/14/bits/stl_algobase.h:1143:5:_OutputIterator std::__fill_n_a(_OutputIterator, _Size, const _Tp&, random_access_iterator_tag) [with _OutputIterator = unsigned int*; _Size = long unsigned int; _Tp = unsigned int]	48	static
/usr/include/c++/14/bits/stl_algobase.h:1143:5:_OutputIterator std::__fill_n_a(_OutputIterator, _Size, const _Tp&, random_access_iterator_tag) [with _OutputIterator = long unsigned int*; _Size = long unsigned int; _Tp = long unsigned int]	48	static
/usr/include/c++/14/bits/stl_vector.h:139:2:std::_Vector_base<_Tp, _Alloc>::_Vector_impl::_Vector_impl() [with _Tp = unsigned int; _Alloc = std::allocator<unsigned int>]	48	static
/usr/include/c++/14/bits/stl_heap.h:224:5:void std::__adjust_heap(_RandomAccessIterator, _Distance, _Distance, _Tp, _Compare) [with _RandomAccessIterator = __gnu_cxx::__normal_iterator<unsigned int*, vector<unsigned int> >; _Distance = long int; _Tp = unsigned int; _Compare = __gnu_cxx::__ops::_Iter_less_iter]	128	static
/usr/include/c++/14/bits/stl_iterator.h:1348:5:_Iterator std::__niter_base(__gnu_cxx::__normal_iterator<_Iterator, _Container>) [with _Iterator = unsigned int*; _Container = vector<unsigned int>]	32	static
/usr/include/c++/14/bits/stl_algobase.h:795:5:_BI2 std::__copy_move_backward_a1(_BI1, _BI1, _BI2) [with bool _IsMove = true; _BI1 = unsigned int*; _BI2 = unsigned int*]	48	static
/usr/include/c++/14/bits/stl_algobase.h:346:5:_From std::__niter_wrap(_From, _To) [with _From = __gnu_cxx::__normal_iterator<unsigned int*, vector<unsigned int> >; _To = unsigned int*]	48	static
/usr/include/c++/14/bits/stl_algobase.h:997:5:void std::__fill_a(_FIte, _FIte, const _Tp&) [with _FIte = unsigned int*; _Tp = unsigned int]	48	static
/usr/include/c++/14/bits/stl_algobase.h:997:5:void std::__fill_a(_FIte, _FIte, const _Tp&) [with _FIte = long unsigned int*; _Tp = long unsigned int]	48	static
/usr/include/c++/14/bits/move.h:137:5:constexpr typename std::remove_reference<_Tp>::type&& std::move(_Tp&&) [with _Tp = __gnu_cxx::__ops::_Iter_less_iter&]	16	static
/usr/include/c++/14/bits/stl_heap.h:135:5:void std::__push_heap(_RandomAccessIterator, _Distance, _Distance, _Tp, _Compare&) [with _RandomAccessIterator = __gnu_cxx::__normal_iterator<unsigned int*, vector<unsigned int> >; _Distance = long int; _Tp = unsigned int; _Compare = __gnu_cxx::__ops::_Iter_less_val]	112	static
/usr/include/c++/14/bits/stl_algobase.h:777:5:_BI2 std::__copy_move_backward_a2(_BI1, _BI1, _BI2) [with bool _IsMove = true; _BI1 = unsigned int*; _BI2 = unsigned int*]	48	static
/usr/include/c++/14/bits/stl_algobase.h:947:5:typename __gnu_cxx::__enable_if<std::__is_scalar<_Tp>::__value, void>::__type std::__fill_a1(_ForwardIterator, _ForwardIterator, const _Tp&) [with _ForwardIterator = unsigned int*; _Tp = unsigned int]	16	static
/usr/include/c++/14/bits/stl_algobase.h:947:5:typename __gnu_cxx::__enable_if<std::__is_scalar<_Tp>::__value, void>::__type std::__fill_a1(_ForwardIterator, _ForwardIterator, const _Tp&) [with _ForwardIterator = long unsigned int*; _Tp = long unsigned int]	16	static
/usr/include/c++/14/bits/predefined_ops.h:68:7:bool __gnu_cxx::__ops::_Iter_less_val::operator()(_Iterator, _Value&) const [with _Iterator = __gnu_cxx::__normal_iterator<unsigned int*, std::vector<unsigned int> >; _Value = unsigned int]	48	static
/usr/include/c++/14/bits/stl_algobase.h:762:2:static _Up* std::__copy_move_backward<_IsMove, true, std::random_access_iterator_tag>::__copy_move_b(_Tp*, _Tp*, _Up*) [with _Tp = unsigned int; _Up = unsigned int; bool _IsMove = true]	64	static
/usr/include/c++/14/bits/stl_algobase.h:437:2:static void std::__copy_move<true, false, std::random_access_iterator_tag>::__assign_one(_Tp*, _Up*) [with _Tp = unsigned int; _Up = unsigned int]	32	static
