sorting_algorithms.cpp:12:_Z11bubble_sortRSt6vectorIjSaIjEE	0	static
sorting_algorithms.cpp:33:_Z14selection_sortRSt6vectorIjSaIjEE	32	static
sorting_algorithms.cpp:53:_Z14insertion_sortRSt6vectorIjSaIjEE	0	static
sorting_algorithms.cpp:71:_Z25partition_quicksort_naiveRSt6vectorIjSaIjEEmm	0	static
sorting_algorithms.cpp:84:_Z25quicksort_naive_recursionRSt6vectorIjSaIjEEmmm	40	static
sorting_algorithms.cpp:100:_Z28partition_quicksort_improvedRSt6vectorIjSaIjEEmm	0	static
sorting_algorithms.cpp:115:_Z28quicksort_improved_recursionRSt6vectorIjSaIjEEmmm	40	static
sorting_algorithms.cpp:132:_Z16quick_sort_naiveRSt6vectorIjSaIjEE	0	static
sorting_algorithms.cpp:140:_Z19quick_sort_improvedRSt6vectorIjSaIjEE	0	static
sorting_algorithms.cpp:149:_Z25mergesort_naive_recursionRSt6vectorIjSaIjEEmmm	72	static
sorting_algorithms.cpp:189:_Z12merge_arraysRSt6vectorIjSaIjEEmmmS2_	48	static
sorting_algorithms.cpp:219:_Z28mergesort_improved_recursionRSt6vectorIjSaIjEEmmS2_m	72	static
sorting_algorithms.cpp:234:_Z19merge_sort_improvedRSt6vectorIjSaIjEE	56	static
sorting_algorithms.cpp:243:_Z16merge_sort_naiveRSt6vectorIjSaIjEE	0	static
sorting_algorithms.cpp:254:_Z23heap_siftdown_iterativeRSt6vectorIjSaIjEEmm	0	static
sorting_algorithms.cpp:273:_Z23heap_siftdown_recursiveRSt6vectorIjSaIjEEmmm	0	static
sorting_algorithms.cpp:291:_Z19heap_sort_iterativeRSt6vectorIjSaIjEE	32	static
sorting_algorithms.cpp:306:_Z19heap_sort_recursiveRSt6vectorIjSaIjEE	48	static
sorting_algorithms.cpp:323:_Z13counting_sortRSt6vectorIjSaIjEE	56	static
sorting_algorithms.cpp:346:_Z10radix_sortRSt6vectorIjSaIjEE	2120	static
sorting_algorithms.cpp:376:_Z11bucket_sortRSt6vectorIjSaIjEE	168	static
/usr/lib/gcc/x86_64-linux-gnu/14/../../../../include/c++/14/bits/stl_vector.h:746:_ZNSt6vectorIS_IjSaIjEESaIS1_EED2Ev	24	static
sorting_algorithms.cpp:421:_Z12builtin_sortRSt6vectorIjSaIjEE	24	static
/usr/lib/gcc/x86_64-linux-gnu/14/../../../../include/c++/14/bits/stl_algo.h:1876:_ZSt16__introsort_loopIN9__gnu_cxx17__normal_iteratorIPjSt6vectorIjSaIjEEEElNS0_5__ops15_Iter_less_iterEEvT_S9_T0_T1_	56	static
/usr/lib/gcc/x86_64-linux-gnu/14/../../../../include/c++/14/bits/stl_algo.h:1812:_ZSt22__final_insertion_sortIN9__gnu_cxx17__normal_iteratorIPjSt6vectorIjSaIjEEEENS0_5__ops15_Iter_less_iterEEvT_S9_T0_	104	static
/usr/lib/gcc/x86_64-linux-gnu/14/../../../../include/c++/14/bits/stl_heap.h:340:_ZSt11__make_heapIN9__gnu_cxx17__normal_iteratorIPjSt6vectorIjSaIjEEEENS0_5__ops15_Iter_less_iterEEvT_S9_RT0_	8	static
