/usr/include/c++/14/bits/stl_heap.h:224:5:void std::__adjust_heap(_RandomAccessIterator, _Distance, _Distance, _Tp, _Compare) [with _RandomAccessIterator = __gnu_cxx::__normal_iterator<unsigned int*, vector<unsigned int> >; _Distance = long int; _Tp = unsigned int; _Compare = __gnu_cxx::__ops::_Iter_less_iter]	32	static
/usr/include/c++/14/bits/stl_algo.h:1876:5:void std::__introsort_loop(_RandomAccessIterator, _RandomAccessIterator, _Size, _Compare) [with _RandomAccessIterator = __gnu_cxx::__normal_iterator<unsigned int*, vector<unsigned int> >; _Size = long int; _Compare = __gnu_cxx::__ops::_Iter_less_iter]	48	static
sorting_algorithms.cpp:12:6:void bubble_sort(std::vector<unsigned int>&)	8	static
sorting_algorithms.cpp:33:6:void selection_sort(std::vector<unsigned int>&)	40	static
sorting_algorithms.cpp:53:6:void insertion_sort(std::vector<unsigned int>&)	8	static
sorting_algorithms.cpp:71:8:size_t partition_quicksort_naive(std::vector<unsigned int>&, size_t, size_t)	8	static
sorting_algorithms.cpp:84:6:void quicksort_naive_recursion(std::vector<unsigned int>&, size_t, size_t, size_t)	48	static
sorting_algorithms.cpp:100:8:size_t partition_quicksort_improved(std::vector<unsigned int>&, size_t, size_t)	8	static
sorting_algorithms.cpp:115:6:void quicksort_improved_recursion(std::vector<unsigned int>&, size_t, size_t, size_t)	48	static
sorting_algorithms.cpp:132:6:void quick_sort_naive(std::vector<unsigned int>&)	8	static
sorting_algorithms.cpp:140:6:void quick_sort_improved(std::vector<unsigned int>&)	8	static
sorting_algorithms.cpp:149:6:void mergesort_naive_recursion(std::vector<unsigned int>&, size_t, size_t, size_t)	128	static
sorting_algorithms.cpp:149:6:void mergesort_naive_recursion(std::vector<unsigned int>&, size_t, size_t, size_t)	128	static
sorting_algorithms.cpp:149:6:void mergesort_naive_recursion(std::vector<unsigned int>&, size_t, size_t, size_t)	128	static
sorting_algorithms.cpp:149:6:void mergesort_naive_recursion(std::vector<unsigned int>&, size_t, size_t, size_t)	128	static
sorting_algorithms.cpp:189:6:void merge_arrays(std::vector<unsigned int>&, size_t, size_t, size_t, std::vector<unsigned int>&)	64	static
sorting_algorithms.cpp:219:6:0(std::vector<unsigned int>&, size_t, size_t, std::vector<unsigned int>&, size_t)	160	static
sorting_algorithms.cpp:219:6:void mergesort_improved_recursion(std::vector<unsigned int>&, size_t, size_t, std::vector<unsigned int>&, size_t)	112	static
sorting_algorithms.cpp:234:6:void merge_sort_improved(std::vector<unsigned int>&)	112	static
sorting_algorithms.cpp:243:6:void merge_sort_naive(std::vector<unsigned int>&)	128	static
sorting_algorithms.cpp:254:6:void heap_siftdown_iterative(std::vector<unsigned int>&, size_t, size_t)	16	static
sorting_algorithms.cpp:273:6:void heap_siftdown_recursive(std::vector<unsigned int>&, size_t, size_t, size_t)	24	static
sorting_algorithms.cpp:291:6:void heap_sort_iterative(std::vector<unsigned int>&)	48	static
sorting_algorithms.cpp:306:6:void heap_sort_recursive(std::vector<unsigned int>&)	32	static
sorting_algorithms.cpp:323:6:void counting_sort(std::vector<unsigned int>&)	64	static
sorting_algorithms.cpp:346:6:void radix_sort(std::vector<unsigned int>&)	2128	static
sorting_algorithms.cpp:376:6:void bucket_sort(std::vector<unsigned int>&)	192	static
sorting_algorithms.cpp:421:6:void builtin_sort(std::vector<unsigned int>&)	64	static
